#-----------------------------------------------------------
# Vivado v2018.3 (64-bit)
# SW Build 2405991 on Thu Dec  6 23:38:27 MST 2018
# IP Build 2404404 on Fri Dec  7 01:43:56 MST 2018
# Start of session at: Mon May 13 21:55:20 2019
# Process ID: 10264
# Current directory: C:/Users/ECE/Desktop/LSTM_IOT_SEC/project_1
# Command line: vivado.exe -gui_launcher_event rodinguilauncherevent1448 C:\Users\ECE\Desktop\LSTM_IOT_SEC\project_1\project_1.xpr
# Log file: C:/Users/ECE/Desktop/LSTM_IOT_SEC/project_1/vivado.log
# Journal file: C:/Users/ECE/Desktop/LSTM_IOT_SEC/project_1\vivado.jou
#-----------------------------------------------------------
start_gui
open_project C:/Users/ECE/Desktop/LSTM_IOT_SEC/project_1/project_1.xpr
update_compile_order -fileset sources_1
launch_simulation
open_wave_config C:/Users/ECE/Desktop/LSTM_IOT_SEC/project_1/lstm_tb_br_behav.wcfg
source lstm_tb_ctxt_convert.tcl
run all
set_property is_enabled false [get_files  C:/Users/ECE/Desktop/LSTM_IOT_SEC/src/verilog/backups/lstm_5.13_convert_verified.v]
update_compile_order -fileset sources_1
add_files -norecurse C:/Users/ECE/Desktop/LSTM_IOT_SEC/src/verilog/lstm_5.12_optimize_parameterized.v
update_compile_order -fileset sources_1
close_sim
launch_simulation
set_property is_enabled false [get_files  C:/Users/ECE/Desktop/LSTM_IOT_SEC/src/verilog/Softmax.v]
update_compile_order -fileset sources_1
update_compile_order -fileset sources_1
launch_simulation
launch_simulation
open_wave_config C:/Users/ECE/Desktop/LSTM_IOT_SEC/project_1/lstm_tb_br_behav.wcfg
